\BOOKMARK [0][-]{chapter.1}{\376\377\137\025\212\000}{}% 1
\BOOKMARK [1][-]{section.1.1}{\376\377\117\134\200\005\213\364\146\016}{chapter.1}% 2
\BOOKMARK [1][-]{section.1.2}{\376\377\121\163\225\056\145\366\225\364}{chapter.1}% 3
\BOOKMARK [1][-]{section.1.3}{\376\377\140\073\122\031}{chapter.1}% 4
\BOOKMARK [1][-]{section.1.4}{\376\377\173\124\217\251\171\330\116\146\166\204\200\114\215\043}{chapter.1}% 5
\BOOKMARK [0][-]{chapter.2}{\376\377\230\204\173\124\217\251}{}% 6
\BOOKMARK [1][-]{section.2.1}{\376\377\145\366\225\364\176\246\147\137}{chapter.2}% 7
\BOOKMARK [1][-]{section.2.2}{\376\377\122\115\177\156\147\141\116\366}{chapter.2}% 8
\BOOKMARK [1][-]{section.2.3}{\376\377\173\054\116\000\153\145\377\032\125\106\133\232\145\366\225\364}{chapter.2}% 9
\BOOKMARK [1][-]{section.2.4}{\376\377\173\054\116\214\153\145\377\032\230\204\213\242\127\072\127\060\000\040\000+\000\040\143\222\145\345\172\013\210\150\000\040\000+\000\040\123\321\220\032\167\345}{chapter.2}% 10
\BOOKMARK [2][-]{subsection.2.4.1}{\376\377\230\204\213\242\145\131\133\244\142\026\117\032\213\256\133\244}{section.2.4}% 11
\BOOKMARK [2][-]{subsection.2.4.2}{\376\377\143\222\230\204\173\124\217\251\145\345\172\013\210\150}{section.2.4}% 12
\BOOKMARK [2][-]{subsection.2.4.3}{\376\377\127\050\137\256\117\341\177\244\123\321\220\032\167\345}{section.2.4}% 13
\BOOKMARK [1][-]{section.2.5}{\376\377\173\054\116\011\153\145\377\032\147\120\145\231\121\306\131\007}{chapter.2}% 14
\BOOKMARK [1][-]{section.2.6}{\376\377\230\204\173\124\217\251\137\123\131\051\155\101\172\013}{chapter.2}% 15
\BOOKMARK [1][-]{section.2.7}{\376\377\117\140\166\204\116\073\211\201\116\373\122\241\377\032\213\260\137\125\141\017\211\301}{chapter.2}% 16
\BOOKMARK [2][-]{subsection.2.7.1}{\376\377\123\315\231\210\145\164\164\006\150\074\137\017\136\372\213\256}{section.2.7}% 17
\BOOKMARK [0][-]{chapter.3}{\376\377\153\143\137\017\173\124\217\251\122\115\121\306\131\007}{}% 18
\BOOKMARK [1][-]{section.3.1}{\376\377\145\366\225\364\176\277\151\202\211\310}{chapter.3}% 19
\BOOKMARK [1][-]{section.3.2}{\376\377\173\124\217\251\131\324\124\130\117\032\142\020\124\130\170\156\213\244}{chapter.3}% 20
\BOOKMARK [1][-]{section.3.3}{\376\377\173\054\116\000\153\145\377\032\230\204\213\242\145\131\133\244\142\026\117\032\213\256\133\244}{chapter.3}% 21
\BOOKMARK [1][-]{section.3.4}{\376\377\173\054\116\214\153\145\377\032\122\066\117\134\173\124\217\251\145\345\172\013\210\150}{chapter.3}% 22
\BOOKMARK [1][-]{section.3.5}{\376\377\173\054\116\011\153\145\377\032\122\066\117\134\173\124\217\251\155\167\142\245}{chapter.3}% 23
\BOOKMARK [1][-]{section.3.6}{\376\377\173\054\126\333\153\145\377\032\123\321\220\001\173\124\217\251\131\324\124\130\117\032\220\032\167\345\220\256\116\366}{chapter.3}% 24
\BOOKMARK [1][-]{section.3.7}{\376\377\173\054\116\224\153\145\377\032\173\124\217\251\122\115\0003\131\051}{chapter.3}% 25
\BOOKMARK [1][-]{section.3.8}{\376\377\173\054\121\155\153\145\377\032\133\146\117\115\165\063\213\367\116\146\116\016\210\150\121\263\171\150}{chapter.3}% 26
\BOOKMARK [1][-]{section.3.9}{\376\377\173\054\116\003\153\145\377\032\173\124\217\251\121\263\213\256\116\016\173\124\217\251\213\260\137\125}{chapter.3}% 27
\BOOKMARK [1][-]{section.3.10}{\376\377\173\054\121\153\153\145\377\032\173\124\217\251\221\154\221\321\146\016\176\306}{chapter.3}% 28
\BOOKMARK [1][-]{section.3.11}{\376\377\173\054\116\135\153\145\377\032\122\066\117\134\173\124\217\251\124\010\137\161\200\314\146\157\000P\000P\000T}{chapter.3}% 29
\BOOKMARK [1][-]{section.3.12}{\376\377\173\054\123\101\153\145\377\032\173\124\217\251\122\115\116\000\131\051}{chapter.3}% 30
\BOOKMARK [1][-]{section.3.13}{\376\377\176\270\215\050\147\120\145\231\154\107\140\073}{chapter.3}% 31
\BOOKMARK [0][-]{chapter.4}{\376\377\153\143\137\017\173\124\217\251\137\123\131\051\155\101\172\013}{}% 32
\BOOKMARK [1][-]{section.4.1}{\376\377\122\060\217\276\377\010\143\320\122\115\0003\0000\122\006\224\237\377\011}{chapter.4}% 33
\BOOKMARK [1][-]{section.4.2}{\376\377\173\124\217\251\116\055\166\204\213\260\137\125}{chapter.4}% 34
\BOOKMARK [1][-]{section.4.3}{\376\377\173\124\217\251\172\013\136\217\377\010\150\007\121\306\155\101\172\013\377\011}{chapter.4}% 35
\BOOKMARK [1][-]{section.4.4}{\376\377\124\010\137\161}{chapter.4}% 36
\BOOKMARK [1][-]{section.4.5}{\376\377\172\201\123\321\140\305\121\265\230\204\150\110}{chapter.4}% 37
\BOOKMARK [1][-]{section.4.6}{\376\377\137\123\131\051\176\323\147\137\145\366}{chapter.4}% 38
\BOOKMARK [0][-]{chapter.5}{\376\377\173\124\217\251\124\016\137\122\150\143}{}% 39
\BOOKMARK [1][-]{section.5.1}{\376\377\173\054\116\000\153\145\377\032\171\373\116\244\221\315\211\201\145\207\116\366}{chapter.5}% 40
\BOOKMARK [1][-]{section.5.2}{\376\377\173\054\116\214\153\145\377\032\173\124\217\251\213\260\137\125}{chapter.5}% 41
\BOOKMARK [1][-]{section.5.3}{\376\377\173\054\116\011\153\145\377\032\173\124\217\251\221\154\221\321}{chapter.5}% 42
\BOOKMARK [0][-]{chapter.6}{\376\377\226\104\137\125\377\032\166\370\121\163\224\376\143\245\154\107\140\073}{}% 43
\BOOKMARK [1][-]{section.6.1}{\376\377\121\160\135\336\131\047\133\146}{chapter.6}% 44
\BOOKMARK [1][-]{section.6.2}{\376\377\135\345\121\167\143\250\203\120}{chapter.6}% 45
\BOOKMARK [1][-]{section.6.3}{\376\377\152\041\147\177\116\016\133\236\117\213\145\207\116\366}{chapter.6}% 46
